  console.log
    Result: null

      at Object.log (lib/__tests__/auth.test.ts:69:13)

